
> ams-server@1.0.0 lint
> tsc -p tsconfig.json --noEmit

